// Jest Snapshot v1, https://goo.gl/fbAQLP

exports[`Login Component UI detail should match snapshot 1`] = `<span />`;
